Performing C SOURCE FILE Test CMAKE_HAVE_LIBC_PTHREAD failed with the following output:
Change Dir: /root/star/inference/Inference_frame/build/CMakeFiles/CMakeScratch/TryCompile-fUIsxr

Run Build Command(s):/usr/bin/make -f Makefile cmTC_d7fbd/fast && /usr/bin/make  -f CMakeFiles/cmTC_d7fbd.dir/build.make CMakeFiles/cmTC_d7fbd.dir/build
make[1]: Entering directory '/root/star/inference/Inference_frame/build/CMakeFiles/CMakeScratch/TryCompile-fUIsxr'
Building C object CMakeFiles/cmTC_d7fbd.dir/src.c.o
/usr/bin/gcc -DCMAKE_HAVE_LIBC_PTHREAD   -o CMakeFiles/cmTC_d7fbd.dir/src.c.o -c /root/star/inference/Inference_frame/build/CMakeFiles/CMakeScratch/TryCompile-fUIsxr/src.c
Linking C executable cmTC_d7fbd
/usr/local/bin/cmake -E cmake_link_script CMakeFiles/cmTC_d7fbd.dir/link.txt --verbose=1
/usr/bin/gcc CMakeFiles/cmTC_d7fbd.dir/src.c.o -o cmTC_d7fbd 
/usr/bin/ld: CMakeFiles/cmTC_d7fbd.dir/src.c.o: in function `main':
src.c:(.text+0x46): undefined reference to `pthread_create'
/usr/bin/ld: src.c:(.text+0x52): undefined reference to `pthread_detach'
/usr/bin/ld: src.c:(.text+0x5e): undefined reference to `pthread_cancel'
/usr/bin/ld: src.c:(.text+0x6f): undefined reference to `pthread_join'
collect2: error: ld returned 1 exit status
make[1]: *** [CMakeFiles/cmTC_d7fbd.dir/build.make:99: cmTC_d7fbd] Error 1
make[1]: Leaving directory '/root/star/inference/Inference_frame/build/CMakeFiles/CMakeScratch/TryCompile-fUIsxr'
make: *** [Makefile:127: cmTC_d7fbd/fast] Error 2


Source file was:
#include <pthread.h>

static void* test_func(void* data)
{
  return data;
}

int main(void)
{
  pthread_t thread;
  pthread_create(&thread, NULL, test_func, NULL);
  pthread_detach(thread);
  pthread_cancel(thread);
  pthread_join(thread, NULL);
  pthread_atfork(NULL, NULL, NULL);
  pthread_exit(NULL);

  return 0;
}


Determining if the function pthread_create exists in the pthreads failed with the following output:
Change Dir: /root/star/inference/Inference_frame/build/CMakeFiles/CMakeScratch/TryCompile-zHOCMq

Run Build Command(s):/usr/bin/make -f Makefile cmTC_11d53/fast && /usr/bin/make  -f CMakeFiles/cmTC_11d53.dir/build.make CMakeFiles/cmTC_11d53.dir/build
make[1]: Entering directory '/root/star/inference/Inference_frame/build/CMakeFiles/CMakeScratch/TryCompile-zHOCMq'
Building C object CMakeFiles/cmTC_11d53.dir/CheckFunctionExists.c.o
/usr/bin/gcc   -DCHECK_FUNCTION_EXISTS=pthread_create -o CMakeFiles/cmTC_11d53.dir/CheckFunctionExists.c.o -c /root/star/inference/Inference_frame/build/CMakeFiles/CMakeScratch/TryCompile-zHOCMq/CheckFunctionExists.c
Linking C executable cmTC_11d53
/usr/local/bin/cmake -E cmake_link_script CMakeFiles/cmTC_11d53.dir/link.txt --verbose=1
/usr/bin/gcc  -DCHECK_FUNCTION_EXISTS=pthread_create CMakeFiles/cmTC_11d53.dir/CheckFunctionExists.c.o -o cmTC_11d53  -lpthreads 
/usr/bin/ld: cannot find -lpthreads
collect2: error: ld returned 1 exit status
make[1]: *** [CMakeFiles/cmTC_11d53.dir/build.make:99: cmTC_11d53] Error 1
make[1]: Leaving directory '/root/star/inference/Inference_frame/build/CMakeFiles/CMakeScratch/TryCompile-zHOCMq'
make: *** [Makefile:127: cmTC_11d53/fast] Error 2



